// Jest Snapshot v1, https://goo.gl/fbAQLP

exports[`<SolidInputView/> renders and displays correctly with invalid data 1`] = `
<DocumentFragment>
  <div
    class="form-group"
  >
    <div
      class="input-group"
    >
      <input
        aria-invalid="true"
        aria-label="Solid input"
        autocomplete="off"
        class="solid-input__input form-input is-error"
        id="solid-input_test-key"
        placeholder="width, length, height, description"
        type="text"
        value="11"
      />
      <button
        aria-label="Delete item"
        class="btn btn-default input-group-btn"
        type="button"
      >
        <svg
          fill="currentColor"
          height="16"
          size="16"
          stroke="currentColor"
          stroke-width="0"
          viewBox="0 0 448 512"
          width="16"
          xmlns="http://www.w3.org/2000/svg"
        >
          <path
            d="M432 32H312l-9.4-18.7A24 24 0 0 0 281.1 0H166.8a23.72 23.72 0 0 0-21.4 13.3L136 32H16A16 16 0 0 0 0 48v32a16 16 0 0 0 16 16h416a16 16 0 0 0 16-16V48a16 16 0 0 0-16-16zM53.2 467a48 48 0 0 0 47.9 45h245.8a48 48 0 0 0 47.9-45L416 128H32z"
          />
        </svg>
      </button>
    </div>
  </div>
</DocumentFragment>
`;
